../Core/Src/main.c:122:5:__io_putchar	16	static
../Core/Src/main.c:131:6:delay_us_short	16	static
../Core/Src/main.c:137:6:US_Trigger	16	static
../Core/Src/main.c:144:6:HAL_GPIO_EXTI_Callback	32	static
../Core/Src/main.c:191:6:Task_Ultrasonic_Update	16	static
../Core/Src/main.c:246:6:Task_Movement_Logic	136	static
../Core/Src/main.c:354:5:main	8	static
../Core/Src/main.c:411:6:SystemClock_Config	96	static
../Core/Src/main.c:472:13:MX_DFSDM1_Init	8	static
../Core/Src/main.c:510:13:MX_I2C2_Init	8	static
../Core/Src/main.c:558:13:MX_QUADSPI_Init	8	static
../Core/Src/main.c:591:13:MX_TIM2_Init	40	static
../Core/Src/main.c:636:13:MX_USART3_UART_Init	8	static
../Core/Src/main.c:671:13:MX_USB_OTG_FS_PCD_Init	8	static
../Core/Src/main.c:706:13:MX_GPIO_Init	48	static
../Core/Src/main.c:895:6:Error_Handler	4	static,ignoring_inline_asm
