../Core/Src/main.c:108:5:main	8	static
../Core/Src/main.c:197:6:SystemClock_Config	96	static
../Core/Src/main.c:258:13:MX_DFSDM1_Init	8	static
../Core/Src/main.c:296:13:MX_I2C2_Init	8	static
../Core/Src/main.c:344:13:MX_QUADSPI_Init	8	static
../Core/Src/main.c:377:13:MX_USART3_UART_Init	8	static
../Core/Src/main.c:412:13:MX_USB_OTG_FS_PCD_Init	8	static
../Core/Src/main.c:447:13:MX_GPIO_Init	48	static
../Core/Src/main.c:640:6:StartDefaultTask	16	static
../Core/Src/main.c:658:6:StartTask02	16	static
../Core/Src/main.c:673:6:Error_Handler	4	static,ignoring_inline_asm
