../Drivers/BSP/B-L475E-IOT01A2/b_l475e_iot01a2.c:117:9:BSP_GetVersion	4	static
../Drivers/BSP/B-L475E-IOT01A2/b_l475e_iot01a2.c:129:9:BSP_LED_Init	16	static
../Drivers/BSP/B-L475E-IOT01A2/b_l475e_iot01a2.c:144:9:BSP_LED_DeInit	40	static
../Drivers/BSP/B-L475E-IOT01A2/b_l475e_iot01a2.c:167:9:BSP_LED_On	16	static
../Drivers/BSP/B-L475E-IOT01A2/b_l475e_iot01a2.c:184:9:BSP_LED_Off	16	static
../Drivers/BSP/B-L475E-IOT01A2/b_l475e_iot01a2.c:201:9:BSP_LED_Toggle	16	static
../Drivers/BSP/B-L475E-IOT01A2/b_l475e_iot01a2.c:218:9:BSP_LED_GetState	16	static
../Drivers/BSP/B-L475E-IOT01A2/b_l475e_iot01a2.c:226:13:LED_USER_GPIO_Init	40	static
../Drivers/BSP/B-L475E-IOT01A2/b_l475e_iot01a2.c:260:9:BSP_PB_Init	24	static
../Drivers/BSP/B-L475E-IOT01A2/b_l475e_iot01a2.c:300:9:BSP_PB_DeInit	40	static
../Drivers/BSP/B-L475E-IOT01A2/b_l475e_iot01a2.c:318:9:BSP_PB_GetState	16	static
../Drivers/BSP/B-L475E-IOT01A2/b_l475e_iot01a2.c:327:6:BSP_PB_IRQHandler	16	static
../Drivers/BSP/B-L475E-IOT01A2/b_l475e_iot01a2.c:337:13:BSP_PB_Callback	16	static
../Drivers/BSP/B-L475E-IOT01A2/b_l475e_iot01a2.c:350:13:BUTTON_USER_EXTI_Callback	8	static
../Drivers/BSP/B-L475E-IOT01A2/b_l475e_iot01a2.c:359:13:BUTTON_USER_GPIO_Init	40	static
../Drivers/BSP/B-L475E-IOT01A2/b_l475e_iot01a2.c:386:9:BSP_COM_Init	24	static
../Drivers/BSP/B-L475E-IOT01A2/b_l475e_iot01a2.c:424:9:BSP_COM_DeInit	24	static
../Drivers/BSP/B-L475E-IOT01A2/b_l475e_iot01a2.c:461:26:MX_USART1_UART_Init	24	static
../Drivers/BSP/B-L475E-IOT01A2/b_l475e_iot01a2.c:565:9:BSP_COM_SelectLogPort	16	static
../Drivers/BSP/B-L475E-IOT01A2/b_l475e_iot01a2.c:611:5:__io_putchar	16	static
../Drivers/BSP/B-L475E-IOT01A2/b_l475e_iot01a2.c:624:13:USART1_MspInit	184	static
../Drivers/BSP/B-L475E-IOT01A2/b_l475e_iot01a2.c:665:13:USART1_MspDeInit	16	static
../Drivers/BSP/B-L475E-IOT01A2/b_l475e_iot01a2.c:692:13:I2Cx_MspInit	48	static
../Drivers/BSP/B-L475E-IOT01A2/b_l475e_iot01a2.c:734:13:I2Cx_MspDeInit	40	static
../Drivers/BSP/B-L475E-IOT01A2/b_l475e_iot01a2.c:753:13:I2Cx_Init	16	static
../Drivers/BSP/B-L475E-IOT01A2/b_l475e_iot01a2.c:778:13:I2Cx_DeInit	16	static
../Drivers/BSP/B-L475E-IOT01A2/b_l475e_iot01a2.c:794:26:I2Cx_ReadMultiple	48	static
../Drivers/BSP/B-L475E-IOT01A2/b_l475e_iot01a2.c:820:26:I2Cx_WriteMultiple	48	static
../Drivers/BSP/B-L475E-IOT01A2/b_l475e_iot01a2.c:843:26:I2Cx_IsDeviceReady	24	static
../Drivers/BSP/B-L475E-IOT01A2/b_l475e_iot01a2.c:854:13:I2Cx_Error	16	static
../Drivers/BSP/B-L475E-IOT01A2/b_l475e_iot01a2.c:876:6:SENSOR_IO_Init	8	static
../Drivers/BSP/B-L475E-IOT01A2/b_l475e_iot01a2.c:885:6:SENSOR_IO_DeInit	8	static
../Drivers/BSP/B-L475E-IOT01A2/b_l475e_iot01a2.c:897:6:SENSOR_IO_Write	24	static
../Drivers/BSP/B-L475E-IOT01A2/b_l475e_iot01a2.c:908:9:SENSOR_IO_Read	32	static
../Drivers/BSP/B-L475E-IOT01A2/b_l475e_iot01a2.c:926:10:SENSOR_IO_ReadMultiple	24	static
../Drivers/BSP/B-L475E-IOT01A2/b_l475e_iot01a2.c:940:6:SENSOR_IO_WriteMultiple	24	static
../Drivers/BSP/B-L475E-IOT01A2/b_l475e_iot01a2.c:952:19:SENSOR_IO_IsDeviceReady	16	static
../Drivers/BSP/B-L475E-IOT01A2/b_l475e_iot01a2.c:962:6:SENSOR_IO_Delay	16	static
